---
source: src/tz/tzif.rs
expression: tzif_to_human_readable(&tzif_test.parse())
---
TIME ZONE NAME
  America/Boa_Vista
TIME ZONE VERSION
  2
LOCAL TIME TYPES
  000:  offset=-04:02:40  designation=LMT       indicator=local/wall
  001:  offset=-03        designation=-03  dst  indicator=local/wall
  002:  offset=-04        designation=-04       indicator=local/wall
TRANSITIONS
  0000:  -009999-01-02T01:59:59Z  unix=-377705023201  wall=-009999-01-01T21:57:19  unambiguous                      type=0  -04:02:40  LMT  
  0001:  1914-01-01T04:02:40Z     unix=-1767211040    wall=1914-01-01T00:00:00      gap-until(1914-01-01T00:02:40)  type=2  -04        -04  
  0002:  1931-10-03T15:00:00Z     unix=-1206954000    wall=1931-10-03T11:00:00      gap-until(1931-10-03T12:00:00)  type=1  -03        -03  dst
  0003:  1932-04-01T03:00:00Z     unix=-1191358800    wall=1932-03-31T23:00:00     fold-until(1932-04-01T00:00:00)  type=2  -04        -04  
  0004:  1932-10-03T04:00:00Z     unix=-1175371200    wall=1932-10-03T00:00:00      gap-until(1932-10-03T01:00:00)  type=1  -03        -03  dst
  0005:  1933-04-01T03:00:00Z     unix=-1159822800    wall=1933-03-31T23:00:00     fold-until(1933-04-01T00:00:00)  type=2  -04        -04  
  0006:  1949-12-01T04:00:00Z     unix=-633816000     wall=1949-12-01T00:00:00      gap-until(1949-12-01T01:00:00)  type=1  -03        -03  dst
  0007:  1950-04-16T04:00:00Z     unix=-622065600     wall=1950-04-16T00:00:00     fold-until(1950-04-16T01:00:00)  type=2  -04        -04  
  0008:  1950-12-01T04:00:00Z     unix=-602280000     wall=1950-12-01T00:00:00      gap-until(1950-12-01T01:00:00)  type=1  -03        -03  dst
  0009:  1951-04-01T03:00:00Z     unix=-591829200     wall=1951-03-31T23:00:00     fold-until(1951-04-01T00:00:00)  type=2  -04        -04  
  0010:  1951-12-01T04:00:00Z     unix=-570744000     wall=1951-12-01T00:00:00      gap-until(1951-12-01T01:00:00)  type=1  -03        -03  dst
  0011:  1952-04-01T03:00:00Z     unix=-560206800     wall=1952-03-31T23:00:00     fold-until(1952-04-01T00:00:00)  type=2  -04        -04  
  0012:  1952-12-01T04:00:00Z     unix=-539121600     wall=1952-12-01T00:00:00      gap-until(1952-12-01T01:00:00)  type=1  -03        -03  dst
  0013:  1953-03-01T03:00:00Z     unix=-531349200     wall=1953-02-28T23:00:00     fold-until(1953-03-01T00:00:00)  type=2  -04        -04  
  0014:  1963-12-09T04:00:00Z     unix=-191361600     wall=1963-12-09T00:00:00      gap-until(1963-12-09T01:00:00)  type=1  -03        -03  dst
  0015:  1964-03-01T03:00:00Z     unix=-184194000     wall=1964-02-29T23:00:00     fold-until(1964-03-01T00:00:00)  type=2  -04        -04  
  0016:  1965-01-31T04:00:00Z     unix=-155160000     wall=1965-01-31T00:00:00      gap-until(1965-01-31T01:00:00)  type=1  -03        -03  dst
  0017:  1965-03-31T03:00:00Z     unix=-150066000     wall=1965-03-30T23:00:00     fold-until(1965-03-31T00:00:00)  type=2  -04        -04  
  0018:  1965-12-01T04:00:00Z     unix=-128894400     wall=1965-12-01T00:00:00      gap-until(1965-12-01T01:00:00)  type=1  -03        -03  dst
  0019:  1966-03-01T03:00:00Z     unix=-121122000     wall=1966-02-28T23:00:00     fold-until(1966-03-01T00:00:00)  type=2  -04        -04  
  0020:  1966-11-01T04:00:00Z     unix=-99950400      wall=1966-11-01T00:00:00      gap-until(1966-11-01T01:00:00)  type=1  -03        -03  dst
  0021:  1967-03-01T03:00:00Z     unix=-89586000      wall=1967-02-28T23:00:00     fold-until(1967-03-01T00:00:00)  type=2  -04        -04  
  0022:  1967-11-01T04:00:00Z     unix=-68414400      wall=1967-11-01T00:00:00      gap-until(1967-11-01T01:00:00)  type=1  -03        -03  dst
  0023:  1968-03-01T03:00:00Z     unix=-57963600      wall=1968-02-29T23:00:00     fold-until(1968-03-01T00:00:00)  type=2  -04        -04  
  0024:  1985-11-02T04:00:00Z     unix=499752000      wall=1985-11-02T00:00:00      gap-until(1985-11-02T01:00:00)  type=1  -03        -03  dst
  0025:  1986-03-15T03:00:00Z     unix=511239600      wall=1986-03-14T23:00:00     fold-until(1986-03-15T00:00:00)  type=2  -04        -04  
  0026:  1986-10-25T04:00:00Z     unix=530596800      wall=1986-10-25T00:00:00      gap-until(1986-10-25T01:00:00)  type=1  -03        -03  dst
  0027:  1987-02-14T03:00:00Z     unix=540270000      wall=1987-02-13T23:00:00     fold-until(1987-02-14T00:00:00)  type=2  -04        -04  
  0028:  1987-10-25T04:00:00Z     unix=562132800      wall=1987-10-25T00:00:00      gap-until(1987-10-25T01:00:00)  type=1  -03        -03  dst
  0029:  1988-02-07T03:00:00Z     unix=571201200      wall=1988-02-06T23:00:00     fold-until(1988-02-07T00:00:00)  type=2  -04        -04  
  0030:  1999-10-03T04:00:00Z     unix=938923200      wall=1999-10-03T00:00:00      gap-until(1999-10-03T01:00:00)  type=1  -03        -03  dst
  0031:  2000-02-27T03:00:00Z     unix=951620400      wall=2000-02-26T23:00:00     fold-until(2000-02-27T00:00:00)  type=2  -04        -04  
  0032:  2000-10-08T04:00:00Z     unix=970977600      wall=2000-10-08T00:00:00      gap-until(2000-10-08T01:00:00)  type=1  -03        -03  dst
  0033:  2000-10-15T03:00:00Z     unix=971578800      wall=2000-10-14T23:00:00     fold-until(2000-10-15T00:00:00)  type=2  -04        -04  
POSIX TIME ZONE STRING
  <-04>4
