---
source: src/tz/tzif.rs
expression: tzif_to_human_readable(&tzif_test.parse())
---
TIME ZONE NAME
  right/America/New_York
TIME ZONE VERSION
  2
LOCAL TIME TYPES
  000:  offset=-04:56:02  designation=LMT       indicator=local/wall
  001:  offset=-04        designation=EDT  dst  indicator=local/wall
  002:  offset=-05        designation=EST       indicator=local/wall
  003:  offset=-05        designation=EST       indicator=ut/std
  004:  offset=-04        designation=EWT  dst  indicator=local/wall
  005:  offset=-04        designation=EPT  dst  indicator=ut/std
TRANSITIONS
  0000:  -009999-01-02T01:59:59Z  unix=-377705023201  wall=-009999-01-01T21:03:57  unambiguous                      type=0  -04:56:02  LMT  
  0001:  1883-11-18T17:00:00Z     unix=-2717650800    wall=1883-11-18T12:00:00     fold-until(1883-11-18T12:03:58)  type=3  -05        EST  
  0002:  1918-03-31T07:00:00Z     unix=-1633280400    wall=1918-03-31T02:00:00      gap-until(1918-03-31T03:00:00)  type=1  -04        EDT  dst
  0003:  1918-10-27T06:00:00Z     unix=-1615140000    wall=1918-10-27T01:00:00     fold-until(1918-10-27T02:00:00)  type=2  -05        EST  
  0004:  1919-03-30T07:00:00Z     unix=-1601830800    wall=1919-03-30T02:00:00      gap-until(1919-03-30T03:00:00)  type=1  -04        EDT  dst
  0005:  1919-10-26T06:00:00Z     unix=-1583690400    wall=1919-10-26T01:00:00     fold-until(1919-10-26T02:00:00)  type=2  -05        EST  
  0006:  1920-03-28T07:00:00Z     unix=-1570381200    wall=1920-03-28T02:00:00      gap-until(1920-03-28T03:00:00)  type=1  -04        EDT  dst
  0007:  1920-10-31T06:00:00Z     unix=-1551636000    wall=1920-10-31T01:00:00     fold-until(1920-10-31T02:00:00)  type=2  -05        EST  
  0008:  1921-04-24T07:00:00Z     unix=-1536512400    wall=1921-04-24T02:00:00      gap-until(1921-04-24T03:00:00)  type=1  -04        EDT  dst
  0009:  1921-09-25T06:00:00Z     unix=-1523210400    wall=1921-09-25T01:00:00     fold-until(1921-09-25T02:00:00)  type=2  -05        EST  
  0010:  1922-04-30T07:00:00Z     unix=-1504458000    wall=1922-04-30T02:00:00      gap-until(1922-04-30T03:00:00)  type=1  -04        EDT  dst
  0011:  1922-09-24T06:00:00Z     unix=-1491760800    wall=1922-09-24T01:00:00     fold-until(1922-09-24T02:00:00)  type=2  -05        EST  
  0012:  1923-04-29T07:00:00Z     unix=-1473008400    wall=1923-04-29T02:00:00      gap-until(1923-04-29T03:00:00)  type=1  -04        EDT  dst
  0013:  1923-09-30T06:00:00Z     unix=-1459706400    wall=1923-09-30T01:00:00     fold-until(1923-09-30T02:00:00)  type=2  -05        EST  
  0014:  1924-04-27T07:00:00Z     unix=-1441558800    wall=1924-04-27T02:00:00      gap-until(1924-04-27T03:00:00)  type=1  -04        EDT  dst
  0015:  1924-09-28T06:00:00Z     unix=-1428256800    wall=1924-09-28T01:00:00     fold-until(1924-09-28T02:00:00)  type=2  -05        EST  
  0016:  1925-04-26T07:00:00Z     unix=-1410109200    wall=1925-04-26T02:00:00      gap-until(1925-04-26T03:00:00)  type=1  -04        EDT  dst
  0017:  1925-09-27T06:00:00Z     unix=-1396807200    wall=1925-09-27T01:00:00     fold-until(1925-09-27T02:00:00)  type=2  -05        EST  
  0018:  1926-04-25T07:00:00Z     unix=-1378659600    wall=1926-04-25T02:00:00      gap-until(1926-04-25T03:00:00)  type=1  -04        EDT  dst
  0019:  1926-09-26T06:00:00Z     unix=-1365357600    wall=1926-09-26T01:00:00     fold-until(1926-09-26T02:00:00)  type=2  -05        EST  
  0020:  1927-04-24T07:00:00Z     unix=-1347210000    wall=1927-04-24T02:00:00      gap-until(1927-04-24T03:00:00)  type=1  -04        EDT  dst
  0021:  1927-09-25T06:00:00Z     unix=-1333908000    wall=1927-09-25T01:00:00     fold-until(1927-09-25T02:00:00)  type=2  -05        EST  
  0022:  1928-04-29T07:00:00Z     unix=-1315155600    wall=1928-04-29T02:00:00      gap-until(1928-04-29T03:00:00)  type=1  -04        EDT  dst
  0023:  1928-09-30T06:00:00Z     unix=-1301853600    wall=1928-09-30T01:00:00     fold-until(1928-09-30T02:00:00)  type=2  -05        EST  
  0024:  1929-04-28T07:00:00Z     unix=-1283706000    wall=1929-04-28T02:00:00      gap-until(1929-04-28T03:00:00)  type=1  -04        EDT  dst
  0025:  1929-09-29T06:00:00Z     unix=-1270404000    wall=1929-09-29T01:00:00     fold-until(1929-09-29T02:00:00)  type=2  -05        EST  
  0026:  1930-04-27T07:00:00Z     unix=-1252256400    wall=1930-04-27T02:00:00      gap-until(1930-04-27T03:00:00)  type=1  -04        EDT  dst
  0027:  1930-09-28T06:00:00Z     unix=-1238954400    wall=1930-09-28T01:00:00     fold-until(1930-09-28T02:00:00)  type=2  -05        EST  
  0028:  1931-04-26T07:00:00Z     unix=-1220806800    wall=1931-04-26T02:00:00      gap-until(1931-04-26T03:00:00)  type=1  -04        EDT  dst
  0029:  1931-09-27T06:00:00Z     unix=-1207504800    wall=1931-09-27T01:00:00     fold-until(1931-09-27T02:00:00)  type=2  -05        EST  
  0030:  1932-04-24T07:00:00Z     unix=-1189357200    wall=1932-04-24T02:00:00      gap-until(1932-04-24T03:00:00)  type=1  -04        EDT  dst
  0031:  1932-09-25T06:00:00Z     unix=-1176055200    wall=1932-09-25T01:00:00     fold-until(1932-09-25T02:00:00)  type=2  -05        EST  
  0032:  1933-04-30T07:00:00Z     unix=-1157302800    wall=1933-04-30T02:00:00      gap-until(1933-04-30T03:00:00)  type=1  -04        EDT  dst
  0033:  1933-09-24T06:00:00Z     unix=-1144605600    wall=1933-09-24T01:00:00     fold-until(1933-09-24T02:00:00)  type=2  -05        EST  
  0034:  1934-04-29T07:00:00Z     unix=-1125853200    wall=1934-04-29T02:00:00      gap-until(1934-04-29T03:00:00)  type=1  -04        EDT  dst
  0035:  1934-09-30T06:00:00Z     unix=-1112551200    wall=1934-09-30T01:00:00     fold-until(1934-09-30T02:00:00)  type=2  -05        EST  
  0036:  1935-04-28T07:00:00Z     unix=-1094403600    wall=1935-04-28T02:00:00      gap-until(1935-04-28T03:00:00)  type=1  -04        EDT  dst
  0037:  1935-09-29T06:00:00Z     unix=-1081101600    wall=1935-09-29T01:00:00     fold-until(1935-09-29T02:00:00)  type=2  -05        EST  
  0038:  1936-04-26T07:00:00Z     unix=-1062954000    wall=1936-04-26T02:00:00      gap-until(1936-04-26T03:00:00)  type=1  -04        EDT  dst
  0039:  1936-09-27T06:00:00Z     unix=-1049652000    wall=1936-09-27T01:00:00     fold-until(1936-09-27T02:00:00)  type=2  -05        EST  
  0040:  1937-04-25T07:00:00Z     unix=-1031504400    wall=1937-04-25T02:00:00      gap-until(1937-04-25T03:00:00)  type=1  -04        EDT  dst
  0041:  1937-09-26T06:00:00Z     unix=-1018202400    wall=1937-09-26T01:00:00     fold-until(1937-09-26T02:00:00)  type=2  -05        EST  
  0042:  1938-04-24T07:00:00Z     unix=-1000054800    wall=1938-04-24T02:00:00      gap-until(1938-04-24T03:00:00)  type=1  -04        EDT  dst
  0043:  1938-09-25T06:00:00Z     unix=-986752800     wall=1938-09-25T01:00:00     fold-until(1938-09-25T02:00:00)  type=2  -05        EST  
  0044:  1939-04-30T07:00:00Z     unix=-968000400     wall=1939-04-30T02:00:00      gap-until(1939-04-30T03:00:00)  type=1  -04        EDT  dst
  0045:  1939-09-24T06:00:00Z     unix=-955303200     wall=1939-09-24T01:00:00     fold-until(1939-09-24T02:00:00)  type=2  -05        EST  
  0046:  1940-04-28T07:00:00Z     unix=-936550800     wall=1940-04-28T02:00:00      gap-until(1940-04-28T03:00:00)  type=1  -04        EDT  dst
  0047:  1940-09-29T06:00:00Z     unix=-923248800     wall=1940-09-29T01:00:00     fold-until(1940-09-29T02:00:00)  type=2  -05        EST  
  0048:  1941-04-27T07:00:00Z     unix=-905101200     wall=1941-04-27T02:00:00      gap-until(1941-04-27T03:00:00)  type=1  -04        EDT  dst
  0049:  1941-09-28T06:00:00Z     unix=-891799200     wall=1941-09-28T01:00:00     fold-until(1941-09-28T02:00:00)  type=2  -05        EST  
  0050:  1942-02-09T07:00:00Z     unix=-880218000     wall=1942-02-09T02:00:00      gap-until(1942-02-09T03:00:00)  type=4  -04        EWT  dst
  0051:  1945-08-14T23:00:00Z     unix=-769395600     wall=1945-08-14T19:00:00     unambiguous                      type=5  -04        EPT  dst
  0052:  1945-09-30T06:00:00Z     unix=-765396000     wall=1945-09-30T01:00:00     fold-until(1945-09-30T02:00:00)  type=2  -05        EST  
  0053:  1946-04-28T07:00:00Z     unix=-747248400     wall=1946-04-28T02:00:00      gap-until(1946-04-28T03:00:00)  type=1  -04        EDT  dst
  0054:  1946-09-29T06:00:00Z     unix=-733946400     wall=1946-09-29T01:00:00     fold-until(1946-09-29T02:00:00)  type=2  -05        EST  
  0055:  1947-04-27T07:00:00Z     unix=-715798800     wall=1947-04-27T02:00:00      gap-until(1947-04-27T03:00:00)  type=1  -04        EDT  dst
  0056:  1947-09-28T06:00:00Z     unix=-702496800     wall=1947-09-28T01:00:00     fold-until(1947-09-28T02:00:00)  type=2  -05        EST  
  0057:  1948-04-25T07:00:00Z     unix=-684349200     wall=1948-04-25T02:00:00      gap-until(1948-04-25T03:00:00)  type=1  -04        EDT  dst
  0058:  1948-09-26T06:00:00Z     unix=-671047200     wall=1948-09-26T01:00:00     fold-until(1948-09-26T02:00:00)  type=2  -05        EST  
  0059:  1949-04-24T07:00:00Z     unix=-652899600     wall=1949-04-24T02:00:00      gap-until(1949-04-24T03:00:00)  type=1  -04        EDT  dst
  0060:  1949-09-25T06:00:00Z     unix=-639597600     wall=1949-09-25T01:00:00     fold-until(1949-09-25T02:00:00)  type=2  -05        EST  
  0061:  1950-04-30T07:00:00Z     unix=-620845200     wall=1950-04-30T02:00:00      gap-until(1950-04-30T03:00:00)  type=1  -04        EDT  dst
  0062:  1950-09-24T06:00:00Z     unix=-608148000     wall=1950-09-24T01:00:00     fold-until(1950-09-24T02:00:00)  type=2  -05        EST  
  0063:  1951-04-29T07:00:00Z     unix=-589395600     wall=1951-04-29T02:00:00      gap-until(1951-04-29T03:00:00)  type=1  -04        EDT  dst
  0064:  1951-09-30T06:00:00Z     unix=-576093600     wall=1951-09-30T01:00:00     fold-until(1951-09-30T02:00:00)  type=2  -05        EST  
  0065:  1952-04-27T07:00:00Z     unix=-557946000     wall=1952-04-27T02:00:00      gap-until(1952-04-27T03:00:00)  type=1  -04        EDT  dst
  0066:  1952-09-28T06:00:00Z     unix=-544644000     wall=1952-09-28T01:00:00     fold-until(1952-09-28T02:00:00)  type=2  -05        EST  
  0067:  1953-04-26T07:00:00Z     unix=-526496400     wall=1953-04-26T02:00:00      gap-until(1953-04-26T03:00:00)  type=1  -04        EDT  dst
  0068:  1953-09-27T06:00:00Z     unix=-513194400     wall=1953-09-27T01:00:00     fold-until(1953-09-27T02:00:00)  type=2  -05        EST  
  0069:  1954-04-25T07:00:00Z     unix=-495046800     wall=1954-04-25T02:00:00      gap-until(1954-04-25T03:00:00)  type=1  -04        EDT  dst
  0070:  1954-09-26T06:00:00Z     unix=-481744800     wall=1954-09-26T01:00:00     fold-until(1954-09-26T02:00:00)  type=2  -05        EST  
  0071:  1955-04-24T07:00:00Z     unix=-463597200     wall=1955-04-24T02:00:00      gap-until(1955-04-24T03:00:00)  type=1  -04        EDT  dst
  0072:  1955-10-30T06:00:00Z     unix=-447271200     wall=1955-10-30T01:00:00     fold-until(1955-10-30T02:00:00)  type=2  -05        EST  
  0073:  1956-04-29T07:00:00Z     unix=-431542800     wall=1956-04-29T02:00:00      gap-until(1956-04-29T03:00:00)  type=1  -04        EDT  dst
  0074:  1956-10-28T06:00:00Z     unix=-415821600     wall=1956-10-28T01:00:00     fold-until(1956-10-28T02:00:00)  type=2  -05        EST  
  0075:  1957-04-28T07:00:00Z     unix=-400093200     wall=1957-04-28T02:00:00      gap-until(1957-04-28T03:00:00)  type=1  -04        EDT  dst
  0076:  1957-10-27T06:00:00Z     unix=-384372000     wall=1957-10-27T01:00:00     fold-until(1957-10-27T02:00:00)  type=2  -05        EST  
  0077:  1958-04-27T07:00:00Z     unix=-368643600     wall=1958-04-27T02:00:00      gap-until(1958-04-27T03:00:00)  type=1  -04        EDT  dst
  0078:  1958-10-26T06:00:00Z     unix=-352922400     wall=1958-10-26T01:00:00     fold-until(1958-10-26T02:00:00)  type=2  -05        EST  
  0079:  1959-04-26T07:00:00Z     unix=-337194000     wall=1959-04-26T02:00:00      gap-until(1959-04-26T03:00:00)  type=1  -04        EDT  dst
  0080:  1959-10-25T06:00:00Z     unix=-321472800     wall=1959-10-25T01:00:00     fold-until(1959-10-25T02:00:00)  type=2  -05        EST  
  0081:  1960-04-24T07:00:00Z     unix=-305744400     wall=1960-04-24T02:00:00      gap-until(1960-04-24T03:00:00)  type=1  -04        EDT  dst
  0082:  1960-10-30T06:00:00Z     unix=-289418400     wall=1960-10-30T01:00:00     fold-until(1960-10-30T02:00:00)  type=2  -05        EST  
  0083:  1961-04-30T07:00:00Z     unix=-273690000     wall=1961-04-30T02:00:00      gap-until(1961-04-30T03:00:00)  type=1  -04        EDT  dst
  0084:  1961-10-29T06:00:00Z     unix=-257968800     wall=1961-10-29T01:00:00     fold-until(1961-10-29T02:00:00)  type=2  -05        EST  
  0085:  1962-04-29T07:00:00Z     unix=-242240400     wall=1962-04-29T02:00:00      gap-until(1962-04-29T03:00:00)  type=1  -04        EDT  dst
  0086:  1962-10-28T06:00:00Z     unix=-226519200     wall=1962-10-28T01:00:00     fold-until(1962-10-28T02:00:00)  type=2  -05        EST  
  0087:  1963-04-28T07:00:00Z     unix=-210790800     wall=1963-04-28T02:00:00      gap-until(1963-04-28T03:00:00)  type=1  -04        EDT  dst
  0088:  1963-10-27T06:00:00Z     unix=-195069600     wall=1963-10-27T01:00:00     fold-until(1963-10-27T02:00:00)  type=2  -05        EST  
  0089:  1964-04-26T07:00:00Z     unix=-179341200     wall=1964-04-26T02:00:00      gap-until(1964-04-26T03:00:00)  type=1  -04        EDT  dst
  0090:  1964-10-25T06:00:00Z     unix=-163620000     wall=1964-10-25T01:00:00     fold-until(1964-10-25T02:00:00)  type=2  -05        EST  
  0091:  1965-04-25T07:00:00Z     unix=-147891600     wall=1965-04-25T02:00:00      gap-until(1965-04-25T03:00:00)  type=1  -04        EDT  dst
  0092:  1965-10-31T06:00:00Z     unix=-131565600     wall=1965-10-31T01:00:00     fold-until(1965-10-31T02:00:00)  type=2  -05        EST  
  0093:  1966-04-24T07:00:00Z     unix=-116442000     wall=1966-04-24T02:00:00      gap-until(1966-04-24T03:00:00)  type=1  -04        EDT  dst
  0094:  1966-10-30T06:00:00Z     unix=-100116000     wall=1966-10-30T01:00:00     fold-until(1966-10-30T02:00:00)  type=2  -05        EST  
  0095:  1967-04-30T07:00:00Z     unix=-84387600      wall=1967-04-30T02:00:00      gap-until(1967-04-30T03:00:00)  type=1  -04        EDT  dst
  0096:  1967-10-29T06:00:00Z     unix=-68666400      wall=1967-10-29T01:00:00     fold-until(1967-10-29T02:00:00)  type=2  -05        EST  
  0097:  1968-04-28T07:00:00Z     unix=-52938000      wall=1968-04-28T02:00:00      gap-until(1968-04-28T03:00:00)  type=1  -04        EDT  dst
  0098:  1968-10-27T06:00:00Z     unix=-37216800      wall=1968-10-27T01:00:00     fold-until(1968-10-27T02:00:00)  type=2  -05        EST  
  0099:  1969-04-27T07:00:00Z     unix=-21488400      wall=1969-04-27T02:00:00      gap-until(1969-04-27T03:00:00)  type=1  -04        EDT  dst
  0100:  1969-10-26T06:00:00Z     unix=-5767200       wall=1969-10-26T01:00:00     fold-until(1969-10-26T02:00:00)  type=2  -05        EST  
  0101:  1970-04-26T07:00:00Z     unix=9961200        wall=1970-04-26T02:00:00      gap-until(1970-04-26T03:00:00)  type=1  -04        EDT  dst
  0102:  1970-10-25T06:00:00Z     unix=25682400       wall=1970-10-25T01:00:00     fold-until(1970-10-25T02:00:00)  type=2  -05        EST  
  0103:  1971-04-25T07:00:00Z     unix=41410800       wall=1971-04-25T02:00:00      gap-until(1971-04-25T03:00:00)  type=1  -04        EDT  dst
  0104:  1971-10-31T06:00:00Z     unix=57736800       wall=1971-10-31T01:00:00     fold-until(1971-10-31T02:00:00)  type=2  -05        EST  
  0105:  1972-04-30T07:00:00Z     unix=73465200       wall=1972-04-30T02:00:00      gap-until(1972-04-30T03:00:00)  type=1  -04        EDT  dst
  0106:  1972-10-29T06:00:01Z     unix=89186401       wall=1972-10-29T01:00:01     fold-until(1972-10-29T02:00:01)  type=2  -05        EST  
  0107:  1973-04-29T07:00:02Z     unix=104914802      wall=1973-04-29T02:00:02      gap-until(1973-04-29T03:00:02)  type=1  -04        EDT  dst
  0108:  1973-10-28T06:00:02Z     unix=120636002      wall=1973-10-28T01:00:02     fold-until(1973-10-28T02:00:02)  type=2  -05        EST  
  0109:  1974-01-06T07:00:03Z     unix=126687603      wall=1974-01-06T02:00:03      gap-until(1974-01-06T03:00:03)  type=1  -04        EDT  dst
  0110:  1974-10-27T06:00:03Z     unix=152085603      wall=1974-10-27T01:00:03     fold-until(1974-10-27T02:00:03)  type=2  -05        EST  
  0111:  1975-02-23T07:00:04Z     unix=162370804      wall=1975-02-23T02:00:04      gap-until(1975-02-23T03:00:04)  type=1  -04        EDT  dst
  0112:  1975-10-26T06:00:04Z     unix=183535204      wall=1975-10-26T01:00:04     fold-until(1975-10-26T02:00:04)  type=2  -05        EST  
  0113:  1976-04-25T07:00:05Z     unix=199263605      wall=1976-04-25T02:00:05      gap-until(1976-04-25T03:00:05)  type=1  -04        EDT  dst
  0114:  1976-10-31T06:00:05Z     unix=215589605      wall=1976-10-31T01:00:05     fold-until(1976-10-31T02:00:05)  type=2  -05        EST  
  0115:  1977-04-24T07:00:06Z     unix=230713206      wall=1977-04-24T02:00:06      gap-until(1977-04-24T03:00:06)  type=1  -04        EDT  dst
  0116:  1977-10-30T06:00:06Z     unix=247039206      wall=1977-10-30T01:00:06     fold-until(1977-10-30T02:00:06)  type=2  -05        EST  
  0117:  1978-04-30T07:00:07Z     unix=262767607      wall=1978-04-30T02:00:07      gap-until(1978-04-30T03:00:07)  type=1  -04        EDT  dst
  0118:  1978-10-29T06:00:07Z     unix=278488807      wall=1978-10-29T01:00:07     fold-until(1978-10-29T02:00:07)  type=2  -05        EST  
  0119:  1979-04-29T07:00:08Z     unix=294217208      wall=1979-04-29T02:00:08      gap-until(1979-04-29T03:00:08)  type=1  -04        EDT  dst
  0120:  1979-10-28T06:00:08Z     unix=309938408      wall=1979-10-28T01:00:08     fold-until(1979-10-28T02:00:08)  type=2  -05        EST  
  0121:  1980-04-27T07:00:09Z     unix=325666809      wall=1980-04-27T02:00:09      gap-until(1980-04-27T03:00:09)  type=1  -04        EDT  dst
  0122:  1980-10-26T06:00:09Z     unix=341388009      wall=1980-10-26T01:00:09     fold-until(1980-10-26T02:00:09)  type=2  -05        EST  
  0123:  1981-04-26T07:00:09Z     unix=357116409      wall=1981-04-26T02:00:09      gap-until(1981-04-26T03:00:09)  type=1  -04        EDT  dst
  0124:  1981-10-25T06:00:10Z     unix=372837610      wall=1981-10-25T01:00:10     fold-until(1981-10-25T02:00:10)  type=2  -05        EST  
  0125:  1982-04-25T07:00:10Z     unix=388566010      wall=1982-04-25T02:00:10      gap-until(1982-04-25T03:00:10)  type=1  -04        EDT  dst
  0126:  1982-10-31T06:00:11Z     unix=404892011      wall=1982-10-31T01:00:11     fold-until(1982-10-31T02:00:11)  type=2  -05        EST  
  0127:  1983-04-24T07:00:11Z     unix=420015611      wall=1983-04-24T02:00:11      gap-until(1983-04-24T03:00:11)  type=1  -04        EDT  dst
  0128:  1983-10-30T06:00:12Z     unix=436341612      wall=1983-10-30T01:00:12     fold-until(1983-10-30T02:00:12)  type=2  -05        EST  
  0129:  1984-04-29T07:00:12Z     unix=452070012      wall=1984-04-29T02:00:12      gap-until(1984-04-29T03:00:12)  type=1  -04        EDT  dst
  0130:  1984-10-28T06:00:12Z     unix=467791212      wall=1984-10-28T01:00:12     fold-until(1984-10-28T02:00:12)  type=2  -05        EST  
  0131:  1985-04-28T07:00:12Z     unix=483519612      wall=1985-04-28T02:00:12      gap-until(1985-04-28T03:00:12)  type=1  -04        EDT  dst
  0132:  1985-10-27T06:00:13Z     unix=499240813      wall=1985-10-27T01:00:13     fold-until(1985-10-27T02:00:13)  type=2  -05        EST  
  0133:  1986-04-27T07:00:13Z     unix=514969213      wall=1986-04-27T02:00:13      gap-until(1986-04-27T03:00:13)  type=1  -04        EDT  dst
  0134:  1986-10-26T06:00:13Z     unix=530690413      wall=1986-10-26T01:00:13     fold-until(1986-10-26T02:00:13)  type=2  -05        EST  
  0135:  1987-04-05T07:00:13Z     unix=544604413      wall=1987-04-05T02:00:13      gap-until(1987-04-05T03:00:13)  type=1  -04        EDT  dst
  0136:  1987-10-25T06:00:13Z     unix=562140013      wall=1987-10-25T01:00:13     fold-until(1987-10-25T02:00:13)  type=2  -05        EST  
  0137:  1988-04-03T07:00:14Z     unix=576054014      wall=1988-04-03T02:00:14      gap-until(1988-04-03T03:00:14)  type=1  -04        EDT  dst
  0138:  1988-10-30T06:00:14Z     unix=594194414      wall=1988-10-30T01:00:14     fold-until(1988-10-30T02:00:14)  type=2  -05        EST  
  0139:  1989-04-02T07:00:14Z     unix=607503614      wall=1989-04-02T02:00:14      gap-until(1989-04-02T03:00:14)  type=1  -04        EDT  dst
  0140:  1989-10-29T06:00:14Z     unix=625644014      wall=1989-10-29T01:00:14     fold-until(1989-10-29T02:00:14)  type=2  -05        EST  
  0141:  1990-04-01T07:00:15Z     unix=638953215      wall=1990-04-01T02:00:15      gap-until(1990-04-01T03:00:15)  type=1  -04        EDT  dst
  0142:  1990-10-28T06:00:15Z     unix=657093615      wall=1990-10-28T01:00:15     fold-until(1990-10-28T02:00:15)  type=2  -05        EST  
  0143:  1991-04-07T07:00:16Z     unix=671007616      wall=1991-04-07T02:00:16      gap-until(1991-04-07T03:00:16)  type=1  -04        EDT  dst
  0144:  1991-10-27T06:00:16Z     unix=688543216      wall=1991-10-27T01:00:16     fold-until(1991-10-27T02:00:16)  type=2  -05        EST  
  0145:  1992-04-05T07:00:16Z     unix=702457216      wall=1992-04-05T02:00:16      gap-until(1992-04-05T03:00:16)  type=1  -04        EDT  dst
  0146:  1992-10-25T06:00:17Z     unix=719992817      wall=1992-10-25T01:00:17     fold-until(1992-10-25T02:00:17)  type=2  -05        EST  
  0147:  1993-04-04T07:00:17Z     unix=733906817      wall=1993-04-04T02:00:17      gap-until(1993-04-04T03:00:17)  type=1  -04        EDT  dst
  0148:  1993-10-31T06:00:18Z     unix=752047218      wall=1993-10-31T01:00:18     fold-until(1993-10-31T02:00:18)  type=2  -05        EST  
  0149:  1994-04-03T07:00:18Z     unix=765356418      wall=1994-04-03T02:00:18      gap-until(1994-04-03T03:00:18)  type=1  -04        EDT  dst
  0150:  1994-10-30T06:00:19Z     unix=783496819      wall=1994-10-30T01:00:19     fold-until(1994-10-30T02:00:19)  type=2  -05        EST  
  0151:  1995-04-02T07:00:19Z     unix=796806019      wall=1995-04-02T02:00:19      gap-until(1995-04-02T03:00:19)  type=1  -04        EDT  dst
  0152:  1995-10-29T06:00:19Z     unix=814946419      wall=1995-10-29T01:00:19     fold-until(1995-10-29T02:00:19)  type=2  -05        EST  
  0153:  1996-04-07T07:00:20Z     unix=828860420      wall=1996-04-07T02:00:20      gap-until(1996-04-07T03:00:20)  type=1  -04        EDT  dst
  0154:  1996-10-27T06:00:20Z     unix=846396020      wall=1996-10-27T01:00:20     fold-until(1996-10-27T02:00:20)  type=2  -05        EST  
  0155:  1997-04-06T07:00:20Z     unix=860310020      wall=1997-04-06T02:00:20      gap-until(1997-04-06T03:00:20)  type=1  -04        EDT  dst
  0156:  1997-10-26T06:00:21Z     unix=877845621      wall=1997-10-26T01:00:21     fold-until(1997-10-26T02:00:21)  type=2  -05        EST  
  0157:  1998-04-05T07:00:21Z     unix=891759621      wall=1998-04-05T02:00:21      gap-until(1998-04-05T03:00:21)  type=1  -04        EDT  dst
  0158:  1998-10-25T06:00:21Z     unix=909295221      wall=1998-10-25T01:00:21     fold-until(1998-10-25T02:00:21)  type=2  -05        EST  
  0159:  1999-04-04T07:00:22Z     unix=923209222      wall=1999-04-04T02:00:22      gap-until(1999-04-04T03:00:22)  type=1  -04        EDT  dst
  0160:  1999-10-31T06:00:22Z     unix=941349622      wall=1999-10-31T01:00:22     fold-until(1999-10-31T02:00:22)  type=2  -05        EST  
  0161:  2000-04-02T07:00:22Z     unix=954658822      wall=2000-04-02T02:00:22      gap-until(2000-04-02T03:00:22)  type=1  -04        EDT  dst
  0162:  2000-10-29T06:00:22Z     unix=972799222      wall=2000-10-29T01:00:22     fold-until(2000-10-29T02:00:22)  type=2  -05        EST  
  0163:  2001-04-01T07:00:22Z     unix=986108422      wall=2001-04-01T02:00:22      gap-until(2001-04-01T03:00:22)  type=1  -04        EDT  dst
  0164:  2001-10-28T06:00:22Z     unix=1004248822     wall=2001-10-28T01:00:22     fold-until(2001-10-28T02:00:22)  type=2  -05        EST  
  0165:  2002-04-07T07:00:22Z     unix=1018162822     wall=2002-04-07T02:00:22      gap-until(2002-04-07T03:00:22)  type=1  -04        EDT  dst
  0166:  2002-10-27T06:00:22Z     unix=1035698422     wall=2002-10-27T01:00:22     fold-until(2002-10-27T02:00:22)  type=2  -05        EST  
  0167:  2003-04-06T07:00:22Z     unix=1049612422     wall=2003-04-06T02:00:22      gap-until(2003-04-06T03:00:22)  type=1  -04        EDT  dst
  0168:  2003-10-26T06:00:22Z     unix=1067148022     wall=2003-10-26T01:00:22     fold-until(2003-10-26T02:00:22)  type=2  -05        EST  
  0169:  2004-04-04T07:00:22Z     unix=1081062022     wall=2004-04-04T02:00:22      gap-until(2004-04-04T03:00:22)  type=1  -04        EDT  dst
  0170:  2004-10-31T06:00:22Z     unix=1099202422     wall=2004-10-31T01:00:22     fold-until(2004-10-31T02:00:22)  type=2  -05        EST  
  0171:  2005-04-03T07:00:22Z     unix=1112511622     wall=2005-04-03T02:00:22      gap-until(2005-04-03T03:00:22)  type=1  -04        EDT  dst
  0172:  2005-10-30T06:00:22Z     unix=1130652022     wall=2005-10-30T01:00:22     fold-until(2005-10-30T02:00:22)  type=2  -05        EST  
  0173:  2006-04-02T07:00:23Z     unix=1143961223     wall=2006-04-02T02:00:23      gap-until(2006-04-02T03:00:23)  type=1  -04        EDT  dst
  0174:  2006-10-29T06:00:23Z     unix=1162101623     wall=2006-10-29T01:00:23     fold-until(2006-10-29T02:00:23)  type=2  -05        EST  
  0175:  2007-03-11T07:00:23Z     unix=1173596423     wall=2007-03-11T02:00:23      gap-until(2007-03-11T03:00:23)  type=1  -04        EDT  dst
  0176:  2007-11-04T06:00:23Z     unix=1194156023     wall=2007-11-04T01:00:23     fold-until(2007-11-04T02:00:23)  type=2  -05        EST  
  0177:  2008-03-09T07:00:23Z     unix=1205046023     wall=2008-03-09T02:00:23      gap-until(2008-03-09T03:00:23)  type=1  -04        EDT  dst
  0178:  2008-11-02T06:00:23Z     unix=1225605623     wall=2008-11-02T01:00:23     fold-until(2008-11-02T02:00:23)  type=2  -05        EST  
  0179:  2009-03-08T07:00:24Z     unix=1236495624     wall=2009-03-08T02:00:24      gap-until(2009-03-08T03:00:24)  type=1  -04        EDT  dst
  0180:  2009-11-01T06:00:24Z     unix=1257055224     wall=2009-11-01T01:00:24     fold-until(2009-11-01T02:00:24)  type=2  -05        EST  
  0181:  2010-03-14T07:00:24Z     unix=1268550024     wall=2010-03-14T02:00:24      gap-until(2010-03-14T03:00:24)  type=1  -04        EDT  dst
  0182:  2010-11-07T06:00:24Z     unix=1289109624     wall=2010-11-07T01:00:24     fold-until(2010-11-07T02:00:24)  type=2  -05        EST  
  0183:  2011-03-13T07:00:24Z     unix=1299999624     wall=2011-03-13T02:00:24      gap-until(2011-03-13T03:00:24)  type=1  -04        EDT  dst
  0184:  2011-11-06T06:00:24Z     unix=1320559224     wall=2011-11-06T01:00:24     fold-until(2011-11-06T02:00:24)  type=2  -05        EST  
  0185:  2012-03-11T07:00:24Z     unix=1331449224     wall=2012-03-11T02:00:24      gap-until(2012-03-11T03:00:24)  type=1  -04        EDT  dst
  0186:  2012-11-04T06:00:25Z     unix=1352008825     wall=2012-11-04T01:00:25     fold-until(2012-11-04T02:00:25)  type=2  -05        EST  
  0187:  2013-03-10T07:00:25Z     unix=1362898825     wall=2013-03-10T02:00:25      gap-until(2013-03-10T03:00:25)  type=1  -04        EDT  dst
  0188:  2013-11-03T06:00:25Z     unix=1383458425     wall=2013-11-03T01:00:25     fold-until(2013-11-03T02:00:25)  type=2  -05        EST  
  0189:  2014-03-09T07:00:25Z     unix=1394348425     wall=2014-03-09T02:00:25      gap-until(2014-03-09T03:00:25)  type=1  -04        EDT  dst
  0190:  2014-11-02T06:00:25Z     unix=1414908025     wall=2014-11-02T01:00:25     fold-until(2014-11-02T02:00:25)  type=2  -05        EST  
  0191:  2015-03-08T07:00:25Z     unix=1425798025     wall=2015-03-08T02:00:25      gap-until(2015-03-08T03:00:25)  type=1  -04        EDT  dst
  0192:  2015-11-01T06:00:26Z     unix=1446357626     wall=2015-11-01T01:00:26     fold-until(2015-11-01T02:00:26)  type=2  -05        EST  
  0193:  2016-03-13T07:00:26Z     unix=1457852426     wall=2016-03-13T02:00:26      gap-until(2016-03-13T03:00:26)  type=1  -04        EDT  dst
  0194:  2016-11-06T06:00:26Z     unix=1478412026     wall=2016-11-06T01:00:26     fold-until(2016-11-06T02:00:26)  type=2  -05        EST  
  0195:  2017-03-12T07:00:27Z     unix=1489302027     wall=2017-03-12T02:00:27      gap-until(2017-03-12T03:00:27)  type=1  -04        EDT  dst
  0196:  2017-11-05T06:00:27Z     unix=1509861627     wall=2017-11-05T01:00:27     fold-until(2017-11-05T02:00:27)  type=2  -05        EST  
  0197:  2018-03-11T07:00:27Z     unix=1520751627     wall=2018-03-11T02:00:27      gap-until(2018-03-11T03:00:27)  type=1  -04        EDT  dst
  0198:  2018-11-04T06:00:27Z     unix=1541311227     wall=2018-11-04T01:00:27     fold-until(2018-11-04T02:00:27)  type=2  -05        EST  
  0199:  2019-03-10T07:00:27Z     unix=1552201227     wall=2019-03-10T02:00:27      gap-until(2019-03-10T03:00:27)  type=1  -04        EDT  dst
  0200:  2019-11-03T06:00:27Z     unix=1572760827     wall=2019-11-03T01:00:27     fold-until(2019-11-03T02:00:27)  type=2  -05        EST  
  0201:  2020-03-08T07:00:27Z     unix=1583650827     wall=2020-03-08T02:00:27      gap-until(2020-03-08T03:00:27)  type=1  -04        EDT  dst
  0202:  2020-11-01T06:00:27Z     unix=1604210427     wall=2020-11-01T01:00:27     fold-until(2020-11-01T02:00:27)  type=2  -05        EST  
  0203:  2021-03-14T07:00:27Z     unix=1615705227     wall=2021-03-14T02:00:27      gap-until(2021-03-14T03:00:27)  type=1  -04        EDT  dst
  0204:  2021-11-07T06:00:27Z     unix=1636264827     wall=2021-11-07T01:00:27     fold-until(2021-11-07T02:00:27)  type=2  -05        EST  
  0205:  2022-03-13T07:00:27Z     unix=1647154827     wall=2022-03-13T02:00:27      gap-until(2022-03-13T03:00:27)  type=1  -04        EDT  dst
  0206:  2022-11-06T06:00:27Z     unix=1667714427     wall=2022-11-06T01:00:27     fold-until(2022-11-06T02:00:27)  type=2  -05        EST  
  0207:  2023-03-12T07:00:27Z     unix=1678604427     wall=2023-03-12T02:00:27      gap-until(2023-03-12T03:00:27)  type=1  -04        EDT  dst
  0208:  2023-11-05T06:00:27Z     unix=1699164027     wall=2023-11-05T01:00:27     fold-until(2023-11-05T02:00:27)  type=2  -05        EST  
  0209:  2024-03-10T07:00:27Z     unix=1710054027     wall=2024-03-10T02:00:27      gap-until(2024-03-10T03:00:27)  type=1  -04        EDT  dst
  0210:  2024-11-03T06:00:27Z     unix=1730613627     wall=2024-11-03T01:00:27     fold-until(2024-11-03T02:00:27)  type=2  -05        EST  
  0211:  2025-03-09T07:00:27Z     unix=1741503627     wall=2025-03-09T02:00:27      gap-until(2025-03-09T03:00:27)  type=1  -04        EDT  dst
  0212:  2025-11-02T06:00:27Z     unix=1762063227     wall=2025-11-02T01:00:27     fold-until(2025-11-02T02:00:27)  type=2  -05        EST  
  0213:  2026-03-08T07:00:27Z     unix=1772953227     wall=2026-03-08T02:00:27      gap-until(2026-03-08T03:00:27)  type=1  -04        EDT  dst
  0214:  2026-11-01T06:00:27Z     unix=1793512827     wall=2026-11-01T01:00:27     fold-until(2026-11-01T02:00:27)  type=2  -05        EST  
  0215:  2027-03-14T07:00:27Z     unix=1805007627     wall=2027-03-14T02:00:27      gap-until(2027-03-14T03:00:27)  type=1  -04        EDT  dst
  0216:  2027-11-07T06:00:27Z     unix=1825567227     wall=2027-11-07T01:00:27     fold-until(2027-11-07T02:00:27)  type=2  -05        EST  
  0217:  2028-03-12T07:00:27Z     unix=1836457227     wall=2028-03-12T02:00:27      gap-until(2028-03-12T03:00:27)  type=1  -04        EDT  dst
  0218:  2028-11-05T06:00:27Z     unix=1857016827     wall=2028-11-05T01:00:27     fold-until(2028-11-05T02:00:27)  type=2  -05        EST  
  0219:  2029-03-11T07:00:27Z     unix=1867906827     wall=2029-03-11T02:00:27      gap-until(2029-03-11T03:00:27)  type=1  -04        EDT  dst
  0220:  2029-11-04T06:00:27Z     unix=1888466427     wall=2029-11-04T01:00:27     fold-until(2029-11-04T02:00:27)  type=2  -05        EST  
  0221:  2030-03-10T07:00:27Z     unix=1899356427     wall=2030-03-10T02:00:27      gap-until(2030-03-10T03:00:27)  type=1  -04        EDT  dst
  0222:  2030-11-03T06:00:27Z     unix=1919916027     wall=2030-11-03T01:00:27     fold-until(2030-11-03T02:00:27)  type=2  -05        EST  
  0223:  2031-03-09T07:00:27Z     unix=1930806027     wall=2031-03-09T02:00:27      gap-until(2031-03-09T03:00:27)  type=1  -04        EDT  dst
  0224:  2031-11-02T06:00:27Z     unix=1951365627     wall=2031-11-02T01:00:27     fold-until(2031-11-02T02:00:27)  type=2  -05        EST  
  0225:  2032-03-14T07:00:27Z     unix=1962860427     wall=2032-03-14T02:00:27      gap-until(2032-03-14T03:00:27)  type=1  -04        EDT  dst
  0226:  2032-11-07T06:00:27Z     unix=1983420027     wall=2032-11-07T01:00:27     fold-until(2032-11-07T02:00:27)  type=2  -05        EST  
  0227:  2033-03-13T07:00:27Z     unix=1994310027     wall=2033-03-13T02:00:27      gap-until(2033-03-13T03:00:27)  type=1  -04        EDT  dst
  0228:  2033-11-06T06:00:27Z     unix=2014869627     wall=2033-11-06T01:00:27     fold-until(2033-11-06T02:00:27)  type=2  -05        EST  
  0229:  2034-03-12T07:00:27Z     unix=2025759627     wall=2034-03-12T02:00:27      gap-until(2034-03-12T03:00:27)  type=1  -04        EDT  dst
  0230:  2034-11-05T06:00:27Z     unix=2046319227     wall=2034-11-05T01:00:27     fold-until(2034-11-05T02:00:27)  type=2  -05        EST  
  0231:  2035-03-11T07:00:27Z     unix=2057209227     wall=2035-03-11T02:00:27      gap-until(2035-03-11T03:00:27)  type=1  -04        EDT  dst
  0232:  2035-11-04T06:00:27Z     unix=2077768827     wall=2035-11-04T01:00:27     fold-until(2035-11-04T02:00:27)  type=2  -05        EST  
  0233:  2036-03-09T07:00:27Z     unix=2088658827     wall=2036-03-09T02:00:27      gap-until(2036-03-09T03:00:27)  type=1  -04        EDT  dst
  0234:  2036-11-02T06:00:27Z     unix=2109218427     wall=2036-11-02T01:00:27     fold-until(2036-11-02T02:00:27)  type=2  -05        EST  
  0235:  2037-03-08T07:00:27Z     unix=2120108427     wall=2037-03-08T02:00:27      gap-until(2037-03-08T03:00:27)  type=1  -04        EDT  dst
  0236:  2037-11-01T06:00:27Z     unix=2140668027     wall=2037-11-01T01:00:27     fold-until(2037-11-01T02:00:27)  type=2  -05        EST  
POSIX TIME ZONE STRING
  EST5EDT,M3.2.0,M11.1.0
