---
source: src/tz/tzif.rs
expression: tzif_to_human_readable(&tzif_test.parse())
---
TIME ZONE NAME
  Australia/Sydney/RHEL8
TIME ZONE VERSION
  2
LOCAL TIME TYPES
  000:  offset=+10:04:52  designation=LMT        indicator=local/wall
  001:  offset=+11        designation=AEDT  dst  indicator=local/std
  002:  offset=+10        designation=AEST       indicator=local/std
  003:  offset=+10        designation=AEST       indicator=local/wall
TRANSITIONS
  0000:  -009999-01-02T01:59:59Z  unix=-377705023201  wall=-009999-01-02T12:04:51  unambiguous                      type=0  +10:04:52  LMT   
  0001:  -009999-01-02T01:59:59Z  unix=-377705023201  wall=-009999-01-02T12:04:51  unambiguous                      type=0  +10:04:52  LMT   
  0002:  1895-01-31T13:55:08Z     unix=-2364113092    wall=1895-01-31T23:55:08     fold-until(1895-02-01T00:00:00)  type=3  +10        AEST  
  0003:  1916-12-31T16:00:00Z     unix=-1672560000    wall=1917-01-01T02:00:00      gap-until(1917-01-01T03:00:00)  type=1  +11        AEDT  dst
  0004:  1917-03-24T16:00:00Z     unix=-1665388800    wall=1917-03-25T02:00:00     fold-until(1917-03-25T03:00:00)  type=2  +10        AEST  
  0005:  1941-12-31T16:00:00Z     unix=-883641600     wall=1942-01-01T02:00:00      gap-until(1942-01-01T03:00:00)  type=1  +11        AEDT  dst
  0006:  1942-03-28T16:00:00Z     unix=-876124800     wall=1942-03-29T02:00:00     fold-until(1942-03-29T03:00:00)  type=2  +10        AEST  
  0007:  1942-09-26T16:00:00Z     unix=-860400000     wall=1942-09-27T02:00:00      gap-until(1942-09-27T03:00:00)  type=1  +11        AEDT  dst
  0008:  1943-03-27T16:00:00Z     unix=-844675200     wall=1943-03-28T02:00:00     fold-until(1943-03-28T03:00:00)  type=2  +10        AEST  
  0009:  1943-10-02T16:00:00Z     unix=-828345600     wall=1943-10-03T02:00:00      gap-until(1943-10-03T03:00:00)  type=1  +11        AEDT  dst
  0010:  1944-03-25T16:00:00Z     unix=-813225600     wall=1944-03-26T02:00:00     fold-until(1944-03-26T03:00:00)  type=2  +10        AEST  
  0011:  1970-12-31T14:00:00Z     unix=31500000       wall=1971-01-01T00:00:00     unambiguous                      type=3  +10        AEST  
  0012:  1971-10-30T16:00:00Z     unix=57686400       wall=1971-10-31T02:00:00      gap-until(1971-10-31T03:00:00)  type=1  +11        AEDT  dst
  0013:  1972-02-26T16:00:00Z     unix=67968000       wall=1972-02-27T02:00:00     fold-until(1972-02-27T03:00:00)  type=2  +10        AEST  
  0014:  1972-10-28T16:00:00Z     unix=89136000       wall=1972-10-29T02:00:00      gap-until(1972-10-29T03:00:00)  type=1  +11        AEDT  dst
  0015:  1973-03-03T16:00:00Z     unix=100022400      wall=1973-03-04T02:00:00     fold-until(1973-03-04T03:00:00)  type=2  +10        AEST  
  0016:  1973-10-27T16:00:00Z     unix=120585600      wall=1973-10-28T02:00:00      gap-until(1973-10-28T03:00:00)  type=1  +11        AEDT  dst
  0017:  1974-03-02T16:00:00Z     unix=131472000      wall=1974-03-03T02:00:00     fold-until(1974-03-03T03:00:00)  type=2  +10        AEST  
  0018:  1974-10-26T16:00:00Z     unix=152035200      wall=1974-10-27T02:00:00      gap-until(1974-10-27T03:00:00)  type=1  +11        AEDT  dst
  0019:  1975-03-01T16:00:00Z     unix=162921600      wall=1975-03-02T02:00:00     fold-until(1975-03-02T03:00:00)  type=2  +10        AEST  
  0020:  1975-10-25T16:00:00Z     unix=183484800      wall=1975-10-26T02:00:00      gap-until(1975-10-26T03:00:00)  type=1  +11        AEDT  dst
  0021:  1976-03-06T16:00:00Z     unix=194976000      wall=1976-03-07T02:00:00     fold-until(1976-03-07T03:00:00)  type=2  +10        AEST  
  0022:  1976-10-30T16:00:00Z     unix=215539200      wall=1976-10-31T02:00:00      gap-until(1976-10-31T03:00:00)  type=1  +11        AEDT  dst
  0023:  1977-03-05T16:00:00Z     unix=226425600      wall=1977-03-06T02:00:00     fold-until(1977-03-06T03:00:00)  type=2  +10        AEST  
  0024:  1977-10-29T16:00:00Z     unix=246988800      wall=1977-10-30T02:00:00      gap-until(1977-10-30T03:00:00)  type=1  +11        AEDT  dst
  0025:  1978-03-04T16:00:00Z     unix=257875200      wall=1978-03-05T02:00:00     fold-until(1978-03-05T03:00:00)  type=2  +10        AEST  
  0026:  1978-10-28T16:00:00Z     unix=278438400      wall=1978-10-29T02:00:00      gap-until(1978-10-29T03:00:00)  type=1  +11        AEDT  dst
  0027:  1979-03-03T16:00:00Z     unix=289324800      wall=1979-03-04T02:00:00     fold-until(1979-03-04T03:00:00)  type=2  +10        AEST  
  0028:  1979-10-27T16:00:00Z     unix=309888000      wall=1979-10-28T02:00:00      gap-until(1979-10-28T03:00:00)  type=1  +11        AEDT  dst
  0029:  1980-03-01T16:00:00Z     unix=320774400      wall=1980-03-02T02:00:00     fold-until(1980-03-02T03:00:00)  type=2  +10        AEST  
  0030:  1980-10-25T16:00:00Z     unix=341337600      wall=1980-10-26T02:00:00      gap-until(1980-10-26T03:00:00)  type=1  +11        AEDT  dst
  0031:  1981-02-28T16:00:00Z     unix=352224000      wall=1981-03-01T02:00:00     fold-until(1981-03-01T03:00:00)  type=2  +10        AEST  
  0032:  1981-10-24T16:00:00Z     unix=372787200      wall=1981-10-25T02:00:00      gap-until(1981-10-25T03:00:00)  type=1  +11        AEDT  dst
  0033:  1982-04-03T16:00:00Z     unix=386697600      wall=1982-04-04T02:00:00     fold-until(1982-04-04T03:00:00)  type=2  +10        AEST  
  0034:  1982-10-30T16:00:00Z     unix=404841600      wall=1982-10-31T02:00:00      gap-until(1982-10-31T03:00:00)  type=1  +11        AEDT  dst
  0035:  1983-03-05T16:00:00Z     unix=415728000      wall=1983-03-06T02:00:00     fold-until(1983-03-06T03:00:00)  type=2  +10        AEST  
  0036:  1983-10-29T16:00:00Z     unix=436291200      wall=1983-10-30T02:00:00      gap-until(1983-10-30T03:00:00)  type=1  +11        AEDT  dst
  0037:  1984-03-03T16:00:00Z     unix=447177600      wall=1984-03-04T02:00:00     fold-until(1984-03-04T03:00:00)  type=2  +10        AEST  
  0038:  1984-10-27T16:00:00Z     unix=467740800      wall=1984-10-28T02:00:00      gap-until(1984-10-28T03:00:00)  type=1  +11        AEDT  dst
  0039:  1985-03-02T16:00:00Z     unix=478627200      wall=1985-03-03T02:00:00     fold-until(1985-03-03T03:00:00)  type=2  +10        AEST  
  0040:  1985-10-26T16:00:00Z     unix=499190400      wall=1985-10-27T02:00:00      gap-until(1985-10-27T03:00:00)  type=1  +11        AEDT  dst
  0041:  1986-03-15T16:00:00Z     unix=511286400      wall=1986-03-16T02:00:00     fold-until(1986-03-16T03:00:00)  type=2  +10        AEST  
  0042:  1986-10-18T16:00:00Z     unix=530035200      wall=1986-10-19T02:00:00      gap-until(1986-10-19T03:00:00)  type=1  +11        AEDT  dst
  0043:  1987-03-14T16:00:00Z     unix=542736000      wall=1987-03-15T02:00:00     fold-until(1987-03-15T03:00:00)  type=2  +10        AEST  
  0044:  1987-10-24T16:00:00Z     unix=562089600      wall=1987-10-25T02:00:00      gap-until(1987-10-25T03:00:00)  type=1  +11        AEDT  dst
  0045:  1988-03-19T16:00:00Z     unix=574790400      wall=1988-03-20T02:00:00     fold-until(1988-03-20T03:00:00)  type=2  +10        AEST  
  0046:  1988-10-29T16:00:00Z     unix=594144000      wall=1988-10-30T02:00:00      gap-until(1988-10-30T03:00:00)  type=1  +11        AEDT  dst
  0047:  1989-03-18T16:00:00Z     unix=606240000      wall=1989-03-19T02:00:00     fold-until(1989-03-19T03:00:00)  type=2  +10        AEST  
  0048:  1989-10-28T16:00:00Z     unix=625593600      wall=1989-10-29T02:00:00      gap-until(1989-10-29T03:00:00)  type=1  +11        AEDT  dst
  0049:  1990-03-03T16:00:00Z     unix=636480000      wall=1990-03-04T02:00:00     fold-until(1990-03-04T03:00:00)  type=2  +10        AEST  
  0050:  1990-10-27T16:00:00Z     unix=657043200      wall=1990-10-28T02:00:00      gap-until(1990-10-28T03:00:00)  type=1  +11        AEDT  dst
  0051:  1991-03-02T16:00:00Z     unix=667929600      wall=1991-03-03T02:00:00     fold-until(1991-03-03T03:00:00)  type=2  +10        AEST  
  0052:  1991-10-26T16:00:00Z     unix=688492800      wall=1991-10-27T02:00:00      gap-until(1991-10-27T03:00:00)  type=1  +11        AEDT  dst
  0053:  1992-02-29T16:00:00Z     unix=699379200      wall=1992-03-01T02:00:00     fold-until(1992-03-01T03:00:00)  type=2  +10        AEST  
  0054:  1992-10-24T16:00:00Z     unix=719942400      wall=1992-10-25T02:00:00      gap-until(1992-10-25T03:00:00)  type=1  +11        AEDT  dst
  0055:  1993-03-06T16:00:00Z     unix=731433600      wall=1993-03-07T02:00:00     fold-until(1993-03-07T03:00:00)  type=2  +10        AEST  
  0056:  1993-10-30T16:00:00Z     unix=751996800      wall=1993-10-31T02:00:00      gap-until(1993-10-31T03:00:00)  type=1  +11        AEDT  dst
  0057:  1994-03-05T16:00:00Z     unix=762883200      wall=1994-03-06T02:00:00     fold-until(1994-03-06T03:00:00)  type=2  +10        AEST  
  0058:  1994-10-29T16:00:00Z     unix=783446400      wall=1994-10-30T02:00:00      gap-until(1994-10-30T03:00:00)  type=1  +11        AEDT  dst
  0059:  1995-03-04T16:00:00Z     unix=794332800      wall=1995-03-05T02:00:00     fold-until(1995-03-05T03:00:00)  type=2  +10        AEST  
  0060:  1995-10-28T16:00:00Z     unix=814896000      wall=1995-10-29T02:00:00      gap-until(1995-10-29T03:00:00)  type=1  +11        AEDT  dst
  0061:  1996-03-30T16:00:00Z     unix=828201600      wall=1996-03-31T02:00:00     fold-until(1996-03-31T03:00:00)  type=2  +10        AEST  
  0062:  1996-10-26T16:00:00Z     unix=846345600      wall=1996-10-27T02:00:00      gap-until(1996-10-27T03:00:00)  type=1  +11        AEDT  dst
  0063:  1997-03-29T16:00:00Z     unix=859651200      wall=1997-03-30T02:00:00     fold-until(1997-03-30T03:00:00)  type=2  +10        AEST  
  0064:  1997-10-25T16:00:00Z     unix=877795200      wall=1997-10-26T02:00:00      gap-until(1997-10-26T03:00:00)  type=1  +11        AEDT  dst
  0065:  1998-03-28T16:00:00Z     unix=891100800      wall=1998-03-29T02:00:00     fold-until(1998-03-29T03:00:00)  type=2  +10        AEST  
  0066:  1998-10-24T16:00:00Z     unix=909244800      wall=1998-10-25T02:00:00      gap-until(1998-10-25T03:00:00)  type=1  +11        AEDT  dst
  0067:  1999-03-27T16:00:00Z     unix=922550400      wall=1999-03-28T02:00:00     fold-until(1999-03-28T03:00:00)  type=2  +10        AEST  
  0068:  1999-10-30T16:00:00Z     unix=941299200      wall=1999-10-31T02:00:00      gap-until(1999-10-31T03:00:00)  type=1  +11        AEDT  dst
  0069:  2000-03-25T16:00:00Z     unix=954000000      wall=2000-03-26T02:00:00     fold-until(2000-03-26T03:00:00)  type=2  +10        AEST  
  0070:  2000-08-26T16:00:00Z     unix=967305600      wall=2000-08-27T02:00:00      gap-until(2000-08-27T03:00:00)  type=1  +11        AEDT  dst
  0071:  2001-03-24T16:00:00Z     unix=985449600      wall=2001-03-25T02:00:00     fold-until(2001-03-25T03:00:00)  type=2  +10        AEST  
  0072:  2001-10-27T16:00:00Z     unix=1004198400     wall=2001-10-28T02:00:00      gap-until(2001-10-28T03:00:00)  type=1  +11        AEDT  dst
  0073:  2002-03-30T16:00:00Z     unix=1017504000     wall=2002-03-31T02:00:00     fold-until(2002-03-31T03:00:00)  type=2  +10        AEST  
  0074:  2002-10-26T16:00:00Z     unix=1035648000     wall=2002-10-27T02:00:00      gap-until(2002-10-27T03:00:00)  type=1  +11        AEDT  dst
  0075:  2003-03-29T16:00:00Z     unix=1048953600     wall=2003-03-30T02:00:00     fold-until(2003-03-30T03:00:00)  type=2  +10        AEST  
  0076:  2003-10-25T16:00:00Z     unix=1067097600     wall=2003-10-26T02:00:00      gap-until(2003-10-26T03:00:00)  type=1  +11        AEDT  dst
  0077:  2004-03-27T16:00:00Z     unix=1080403200     wall=2004-03-28T02:00:00     fold-until(2004-03-28T03:00:00)  type=2  +10        AEST  
  0078:  2004-10-30T16:00:00Z     unix=1099152000     wall=2004-10-31T02:00:00      gap-until(2004-10-31T03:00:00)  type=1  +11        AEDT  dst
  0079:  2005-03-26T16:00:00Z     unix=1111852800     wall=2005-03-27T02:00:00     fold-until(2005-03-27T03:00:00)  type=2  +10        AEST  
  0080:  2005-10-29T16:00:00Z     unix=1130601600     wall=2005-10-30T02:00:00      gap-until(2005-10-30T03:00:00)  type=1  +11        AEDT  dst
  0081:  2006-04-01T16:00:00Z     unix=1143907200     wall=2006-04-02T02:00:00     fold-until(2006-04-02T03:00:00)  type=2  +10        AEST  
  0082:  2006-10-28T16:00:00Z     unix=1162051200     wall=2006-10-29T02:00:00      gap-until(2006-10-29T03:00:00)  type=1  +11        AEDT  dst
  0083:  2007-03-24T16:00:00Z     unix=1174752000     wall=2007-03-25T02:00:00     fold-until(2007-03-25T03:00:00)  type=2  +10        AEST  
  0084:  2007-10-27T16:00:00Z     unix=1193500800     wall=2007-10-28T02:00:00      gap-until(2007-10-28T03:00:00)  type=1  +11        AEDT  dst
  0085:  2008-04-05T16:00:00Z     unix=1207411200     wall=2008-04-06T02:00:00     fold-until(2008-04-06T03:00:00)  type=2  +10        AEST  
  0086:  2008-10-04T16:00:00Z     unix=1223136000     wall=2008-10-05T02:00:00      gap-until(2008-10-05T03:00:00)  type=1  +11        AEDT  dst
  0087:  2009-04-04T16:00:00Z     unix=1238860800     wall=2009-04-05T02:00:00     fold-until(2009-04-05T03:00:00)  type=2  +10        AEST  
  0088:  2009-10-03T16:00:00Z     unix=1254585600     wall=2009-10-04T02:00:00      gap-until(2009-10-04T03:00:00)  type=1  +11        AEDT  dst
  0089:  2010-04-03T16:00:00Z     unix=1270310400     wall=2010-04-04T02:00:00     fold-until(2010-04-04T03:00:00)  type=2  +10        AEST  
  0090:  2010-10-02T16:00:00Z     unix=1286035200     wall=2010-10-03T02:00:00      gap-until(2010-10-03T03:00:00)  type=1  +11        AEDT  dst
  0091:  2011-04-02T16:00:00Z     unix=1301760000     wall=2011-04-03T02:00:00     fold-until(2011-04-03T03:00:00)  type=2  +10        AEST  
  0092:  2011-10-01T16:00:00Z     unix=1317484800     wall=2011-10-02T02:00:00      gap-until(2011-10-02T03:00:00)  type=1  +11        AEDT  dst
  0093:  2012-03-31T16:00:00Z     unix=1333209600     wall=2012-04-01T02:00:00     fold-until(2012-04-01T03:00:00)  type=2  +10        AEST  
  0094:  2012-10-06T16:00:00Z     unix=1349539200     wall=2012-10-07T02:00:00      gap-until(2012-10-07T03:00:00)  type=1  +11        AEDT  dst
  0095:  2013-04-06T16:00:00Z     unix=1365264000     wall=2013-04-07T02:00:00     fold-until(2013-04-07T03:00:00)  type=2  +10        AEST  
  0096:  2013-10-05T16:00:00Z     unix=1380988800     wall=2013-10-06T02:00:00      gap-until(2013-10-06T03:00:00)  type=1  +11        AEDT  dst
  0097:  2014-04-05T16:00:00Z     unix=1396713600     wall=2014-04-06T02:00:00     fold-until(2014-04-06T03:00:00)  type=2  +10        AEST  
  0098:  2014-10-04T16:00:00Z     unix=1412438400     wall=2014-10-05T02:00:00      gap-until(2014-10-05T03:00:00)  type=1  +11        AEDT  dst
  0099:  2015-04-04T16:00:00Z     unix=1428163200     wall=2015-04-05T02:00:00     fold-until(2015-04-05T03:00:00)  type=2  +10        AEST  
  0100:  2015-10-03T16:00:00Z     unix=1443888000     wall=2015-10-04T02:00:00      gap-until(2015-10-04T03:00:00)  type=1  +11        AEDT  dst
  0101:  2016-04-02T16:00:00Z     unix=1459612800     wall=2016-04-03T02:00:00     fold-until(2016-04-03T03:00:00)  type=2  +10        AEST  
  0102:  2016-10-01T16:00:00Z     unix=1475337600     wall=2016-10-02T02:00:00      gap-until(2016-10-02T03:00:00)  type=1  +11        AEDT  dst
  0103:  2017-04-01T16:00:00Z     unix=1491062400     wall=2017-04-02T02:00:00     fold-until(2017-04-02T03:00:00)  type=2  +10        AEST  
  0104:  2017-09-30T16:00:00Z     unix=1506787200     wall=2017-10-01T02:00:00      gap-until(2017-10-01T03:00:00)  type=1  +11        AEDT  dst
  0105:  2018-03-31T16:00:00Z     unix=1522512000     wall=2018-04-01T02:00:00     fold-until(2018-04-01T03:00:00)  type=2  +10        AEST  
  0106:  2018-10-06T16:00:00Z     unix=1538841600     wall=2018-10-07T02:00:00      gap-until(2018-10-07T03:00:00)  type=1  +11        AEDT  dst
  0107:  2019-04-06T16:00:00Z     unix=1554566400     wall=2019-04-07T02:00:00     fold-until(2019-04-07T03:00:00)  type=2  +10        AEST  
  0108:  2019-10-05T16:00:00Z     unix=1570291200     wall=2019-10-06T02:00:00      gap-until(2019-10-06T03:00:00)  type=1  +11        AEDT  dst
  0109:  2020-04-04T16:00:00Z     unix=1586016000     wall=2020-04-05T02:00:00     fold-until(2020-04-05T03:00:00)  type=2  +10        AEST  
  0110:  2020-10-03T16:00:00Z     unix=1601740800     wall=2020-10-04T02:00:00      gap-until(2020-10-04T03:00:00)  type=1  +11        AEDT  dst
  0111:  2021-04-03T16:00:00Z     unix=1617465600     wall=2021-04-04T02:00:00     fold-until(2021-04-04T03:00:00)  type=2  +10        AEST  
  0112:  2021-10-02T16:00:00Z     unix=1633190400     wall=2021-10-03T02:00:00      gap-until(2021-10-03T03:00:00)  type=1  +11        AEDT  dst
  0113:  2022-04-02T16:00:00Z     unix=1648915200     wall=2022-04-03T02:00:00     fold-until(2022-04-03T03:00:00)  type=2  +10        AEST  
  0114:  2022-10-01T16:00:00Z     unix=1664640000     wall=2022-10-02T02:00:00      gap-until(2022-10-02T03:00:00)  type=1  +11        AEDT  dst
  0115:  2023-04-01T16:00:00Z     unix=1680364800     wall=2023-04-02T02:00:00     fold-until(2023-04-02T03:00:00)  type=2  +10        AEST  
  0116:  2023-09-30T16:00:00Z     unix=1696089600     wall=2023-10-01T02:00:00      gap-until(2023-10-01T03:00:00)  type=1  +11        AEDT  dst
  0117:  2024-04-06T16:00:00Z     unix=1712419200     wall=2024-04-07T02:00:00     fold-until(2024-04-07T03:00:00)  type=2  +10        AEST  
  0118:  2024-10-05T16:00:00Z     unix=1728144000     wall=2024-10-06T02:00:00      gap-until(2024-10-06T03:00:00)  type=1  +11        AEDT  dst
  0119:  2025-04-05T16:00:00Z     unix=1743868800     wall=2025-04-06T02:00:00     fold-until(2025-04-06T03:00:00)  type=2  +10        AEST  
  0120:  2025-10-04T16:00:00Z     unix=1759593600     wall=2025-10-05T02:00:00      gap-until(2025-10-05T03:00:00)  type=1  +11        AEDT  dst
  0121:  2026-04-04T16:00:00Z     unix=1775318400     wall=2026-04-05T02:00:00     fold-until(2026-04-05T03:00:00)  type=2  +10        AEST  
  0122:  2026-10-03T16:00:00Z     unix=1791043200     wall=2026-10-04T02:00:00      gap-until(2026-10-04T03:00:00)  type=1  +11        AEDT  dst
  0123:  2027-04-03T16:00:00Z     unix=1806768000     wall=2027-04-04T02:00:00     fold-until(2027-04-04T03:00:00)  type=2  +10        AEST  
  0124:  2027-10-02T16:00:00Z     unix=1822492800     wall=2027-10-03T02:00:00      gap-until(2027-10-03T03:00:00)  type=1  +11        AEDT  dst
  0125:  2028-04-01T16:00:00Z     unix=1838217600     wall=2028-04-02T02:00:00     fold-until(2028-04-02T03:00:00)  type=2  +10        AEST  
  0126:  2028-09-30T16:00:00Z     unix=1853942400     wall=2028-10-01T02:00:00      gap-until(2028-10-01T03:00:00)  type=1  +11        AEDT  dst
  0127:  2029-03-31T16:00:00Z     unix=1869667200     wall=2029-04-01T02:00:00     fold-until(2029-04-01T03:00:00)  type=2  +10        AEST  
  0128:  2029-10-06T16:00:00Z     unix=1885996800     wall=2029-10-07T02:00:00      gap-until(2029-10-07T03:00:00)  type=1  +11        AEDT  dst
  0129:  2030-04-06T16:00:00Z     unix=1901721600     wall=2030-04-07T02:00:00     fold-until(2030-04-07T03:00:00)  type=2  +10        AEST  
  0130:  2030-10-05T16:00:00Z     unix=1917446400     wall=2030-10-06T02:00:00      gap-until(2030-10-06T03:00:00)  type=1  +11        AEDT  dst
  0131:  2031-04-05T16:00:00Z     unix=1933171200     wall=2031-04-06T02:00:00     fold-until(2031-04-06T03:00:00)  type=2  +10        AEST  
  0132:  2031-10-04T16:00:00Z     unix=1948896000     wall=2031-10-05T02:00:00      gap-until(2031-10-05T03:00:00)  type=1  +11        AEDT  dst
  0133:  2032-04-03T16:00:00Z     unix=1964620800     wall=2032-04-04T02:00:00     fold-until(2032-04-04T03:00:00)  type=2  +10        AEST  
  0134:  2032-10-02T16:00:00Z     unix=1980345600     wall=2032-10-03T02:00:00      gap-until(2032-10-03T03:00:00)  type=1  +11        AEDT  dst
  0135:  2033-04-02T16:00:00Z     unix=1996070400     wall=2033-04-03T02:00:00     fold-until(2033-04-03T03:00:00)  type=2  +10        AEST  
  0136:  2033-10-01T16:00:00Z     unix=2011795200     wall=2033-10-02T02:00:00      gap-until(2033-10-02T03:00:00)  type=1  +11        AEDT  dst
  0137:  2034-04-01T16:00:00Z     unix=2027520000     wall=2034-04-02T02:00:00     fold-until(2034-04-02T03:00:00)  type=2  +10        AEST  
  0138:  2034-09-30T16:00:00Z     unix=2043244800     wall=2034-10-01T02:00:00      gap-until(2034-10-01T03:00:00)  type=1  +11        AEDT  dst
  0139:  2035-03-31T16:00:00Z     unix=2058969600     wall=2035-04-01T02:00:00     fold-until(2035-04-01T03:00:00)  type=2  +10        AEST  
  0140:  2035-10-06T16:00:00Z     unix=2075299200     wall=2035-10-07T02:00:00      gap-until(2035-10-07T03:00:00)  type=1  +11        AEDT  dst
  0141:  2036-04-05T16:00:00Z     unix=2091024000     wall=2036-04-06T02:00:00     fold-until(2036-04-06T03:00:00)  type=2  +10        AEST  
  0142:  2036-10-04T16:00:00Z     unix=2106748800     wall=2036-10-05T02:00:00      gap-until(2036-10-05T03:00:00)  type=1  +11        AEDT  dst
  0143:  2037-04-04T16:00:00Z     unix=2122473600     wall=2037-04-05T02:00:00     fold-until(2037-04-05T03:00:00)  type=2  +10        AEST  
  0144:  2037-10-03T16:00:00Z     unix=2138198400     wall=2037-10-04T02:00:00      gap-until(2037-10-04T03:00:00)  type=1  +11        AEDT  dst
POSIX TIME ZONE STRING
  AEST-10AEDT,M10.1.0,M4.1.0/3
